INFO:root:testing
INFO:root:[1, 2, 3]
INFO:root:testing
INFO:root:[1, 2, 3]
INFO:root:testing
INFO:root:[1, 2, 3]
INFO:root:testing
INFO:root:[1, 2, 3]
INFO:root:testing
INFO:root:[1, 2, 3]
INFO:root:testing
INFO:root:[1, 2, 3]
INFO:root:testing
INFO:root:[1, 2, 3]
INFO:root:testing
INFO:root:[1, 2, 3]
INFO:root:testing
INFO:root:[1, 2, 3]
INFO:root:testing
INFO:root:[1, 2, 3]
INFO:root:testing
INFO:root:[1, 2, 3]
